fixed max_len_nf: 128
fixed max_len_rt: 15000
time-sequence length after downsampling: 5000
saved ../../../../outputs/food_equal/compare_regen/real_data/trial/s3_fe1_maxT/aRACE_1//gen1_batch0.pkl
saved ../../../../outputs/food_equal/compare_regen/real_data/trial/s3_fe1_maxT/aRACE_1//gen2_batch0.pkl
saved ../../../../outputs/food_equal/compare_regen/real_data/trial/s3_fe1_maxT/aRACE_1//gen3_batch0.pkl
saved ../../../../outputs/food_equal/compare_regen/real_data/trial/s3_fe1_maxT/aRACE_1//gen4_batch0.pkl
saved ../../../../outputs/food_equal/compare_regen/real_data/trial/s3_fe1_maxT/aRACE_1//gen5_batch0.pkl
saved ../../../../outputs/food_equal/compare_regen/real_data/trial/s3_fe1_maxT/aRACE_1//gen6_batch0.pkl
saved ../../../../outputs/food_equal/compare_regen/real_data/trial/s3_fe1_maxT/aRACE_1//gen7_batch0.pkl
saved ../../../../outputs/food_equal/compare_regen/real_data/trial/s3_fe1_maxT/aRACE_1//gen8_batch0.pkl
saved ../../../../outputs/food_equal/compare_regen/real_data/trial/s3_fe1_maxT/aRACE_1//gen9_batch0.pkl
saved ../../../../outputs/food_equal/compare_regen/real_data/trial/s3_fe1_maxT/aRACE_1//gen10_batch0.pkl
saved ../../../../outputs/food_equal/compare_regen/real_data/trial/s3_fe1_maxT/aRACE_1//gen11_batch0.pkl
saved ../../../../outputs/food_equal/compare_regen/real_data/trial/s3_fe1_maxT/aRACE_1//gen12_batch0.pkl
saved ../../../../outputs/food_equal/compare_regen/real_data/trial/s3_fe1_maxT/aRACE_1//gen13_batch0.pkl
saved ../../../../outputs/food_equal/compare_regen/real_data/trial/s3_fe1_maxT/aRACE_1//gen14_batch0.pkl
saved ../../../../outputs/food_equal/compare_regen/real_data/trial/s3_fe1_maxT/aRACE_1//gen15_batch0.pkl
saved ../../../../outputs/food_equal/compare_regen/real_data/trial/s3_fe1_maxT/aRACE_1//gen16_batch0.pkl
saved ../../../../outputs/food_equal/compare_regen/real_data/trial/s3_fe1_maxT/aRACE_1//gen17_batch0.pkl
saved ../../../../outputs/food_equal/compare_regen/real_data/trial/s3_fe1_maxT/aRACE_1//gen18_batch0.pkl
saved ../../../../outputs/food_equal/compare_regen/real_data/trial/s3_fe1_maxT/aRACE_1//gen19_batch0.pkl
saved ../../../../outputs/food_equal/compare_regen/real_data/trial/s3_fe1_maxT/aRACE_1//gen20_batch0.pkl
aRACE_1: skipped trials exceeding fixed maxT: 0
saved ../../../../outputs/food_equal/compare_regen/real_data/trial/s3_fe1_maxT/aRACE_2//gen1_batch0.pkl
saved ../../../../outputs/food_equal/compare_regen/real_data/trial/s3_fe1_maxT/aRACE_2//gen2_batch0.pkl
saved ../../../../outputs/food_equal/compare_regen/real_data/trial/s3_fe1_maxT/aRACE_2//gen3_batch0.pkl
saved ../../../../outputs/food_equal/compare_regen/real_data/trial/s3_fe1_maxT/aRACE_2//gen4_batch0.pkl
saved ../../../../outputs/food_equal/compare_regen/real_data/trial/s3_fe1_maxT/aRACE_2//gen5_batch0.pkl
saved ../../../../outputs/food_equal/compare_regen/real_data/trial/s3_fe1_maxT/aRACE_2//gen6_batch0.pkl
saved ../../../../outputs/food_equal/compare_regen/real_data/trial/s3_fe1_maxT/aRACE_2//gen7_batch0.pkl
saved ../../../../outputs/food_equal/compare_regen/real_data/trial/s3_fe1_maxT/aRACE_2//gen8_batch0.pkl
saved ../../../../outputs/food_equal/compare_regen/real_data/trial/s3_fe1_maxT/aRACE_2//gen9_batch0.pkl
saved ../../../../outputs/food_equal/compare_regen/real_data/trial/s3_fe1_maxT/aRACE_2//gen10_batch0.pkl
saved ../../../../outputs/food_equal/compare_regen/real_data/trial/s3_fe1_maxT/aRACE_2//gen11_batch0.pkl
saved ../../../../outputs/food_equal/compare_regen/real_data/trial/s3_fe1_maxT/aRACE_2//gen12_batch0.pkl
saved ../../../../outputs/food_equal/compare_regen/real_data/trial/s3_fe1_maxT/aRACE_2//gen13_batch0.pkl
saved ../../../../outputs/food_equal/compare_regen/real_data/trial/s3_fe1_maxT/aRACE_2//gen14_batch0.pkl
saved ../../../../outputs/food_equal/compare_regen/real_data/trial/s3_fe1_maxT/aRACE_2//gen15_batch0.pkl
saved ../../../../outputs/food_equal/compare_regen/real_data/trial/s3_fe1_maxT/aRACE_2//gen16_batch0.pkl
saved ../../../../outputs/food_equal/compare_regen/real_data/trial/s3_fe1_maxT/aRACE_2//gen17_batch0.pkl
saved ../../../../outputs/food_equal/compare_regen/real_data/trial/s3_fe1_maxT/aRACE_2//gen18_batch0.pkl
saved ../../../../outputs/food_equal/compare_regen/real_data/trial/s3_fe1_maxT/aRACE_2//gen19_batch0.pkl
saved ../../../../outputs/food_equal/compare_regen/real_data/trial/s3_fe1_maxT/aRACE_2//gen20_batch0.pkl
aRACE_2: skipped trials exceeding fixed maxT: 0
saved ../../../../outputs/food_equal/compare_regen/real_data/trial/s3_fe1_maxT/aRACE_t//gen1_batch0.pkl
saved ../../../../outputs/food_equal/compare_regen/real_data/trial/s3_fe1_maxT/aRACE_t//gen2_batch0.pkl
saved ../../../../outputs/food_equal/compare_regen/real_data/trial/s3_fe1_maxT/aRACE_t//gen3_batch0.pkl
saved ../../../../outputs/food_equal/compare_regen/real_data/trial/s3_fe1_maxT/aRACE_t//gen4_batch0.pkl
saved ../../../../outputs/food_equal/compare_regen/real_data/trial/s3_fe1_maxT/aRACE_t//gen5_batch0.pkl
saved ../../../../outputs/food_equal/compare_regen/real_data/trial/s3_fe1_maxT/aRACE_t//gen6_batch0.pkl
saved ../../../../outputs/food_equal/compare_regen/real_data/trial/s3_fe1_maxT/aRACE_t//gen7_batch0.pkl
saved ../../../../outputs/food_equal/compare_regen/real_data/trial/s3_fe1_maxT/aRACE_t//gen8_batch0.pkl
saved ../../../../outputs/food_equal/compare_regen/real_data/trial/s3_fe1_maxT/aRACE_t//gen9_batch0.pkl
saved ../../../../outputs/food_equal/compare_regen/real_data/trial/s3_fe1_maxT/aRACE_t//gen10_batch0.pkl
saved ../../../../outputs/food_equal/compare_regen/real_data/trial/s3_fe1_maxT/aRACE_t//gen11_batch0.pkl
saved ../../../../outputs/food_equal/compare_regen/real_data/trial/s3_fe1_maxT/aRACE_t//gen12_batch0.pkl
saved ../../../../outputs/food_equal/compare_regen/real_data/trial/s3_fe1_maxT/aRACE_t//gen13_batch0.pkl
saved ../../../../outputs/food_equal/compare_regen/real_data/trial/s3_fe1_maxT/aRACE_t//gen14_batch0.pkl
saved ../../../../outputs/food_equal/compare_regen/real_data/trial/s3_fe1_maxT/aRACE_t//gen15_batch0.pkl
saved ../../../../outputs/food_equal/compare_regen/real_data/trial/s3_fe1_maxT/aRACE_t//gen16_batch0.pkl
saved ../../../../outputs/food_equal/compare_regen/real_data/trial/s3_fe1_maxT/aRACE_t//gen17_batch0.pkl
saved ../../../../outputs/food_equal/compare_regen/real_data/trial/s3_fe1_maxT/aRACE_t//gen18_batch0.pkl
saved ../../../../outputs/food_equal/compare_regen/real_data/trial/s3_fe1_maxT/aRACE_t//gen19_batch0.pkl
saved ../../../../outputs/food_equal/compare_regen/real_data/trial/s3_fe1_maxT/aRACE_t//gen20_batch0.pkl
aRACE_t: skipped trials exceeding fixed maxT: 0
saved ../../../../outputs/food_equal/compare_regen/real_data/trial/s3_fe1_maxT/aRACE_g//gen1_batch0.pkl
saved ../../../../outputs/food_equal/compare_regen/real_data/trial/s3_fe1_maxT/aRACE_g//gen2_batch0.pkl
saved ../../../../outputs/food_equal/compare_regen/real_data/trial/s3_fe1_maxT/aRACE_g//gen3_batch0.pkl
saved ../../../../outputs/food_equal/compare_regen/real_data/trial/s3_fe1_maxT/aRACE_g//gen4_batch0.pkl
saved ../../../../outputs/food_equal/compare_regen/real_data/trial/s3_fe1_maxT/aRACE_g//gen5_batch0.pkl
saved ../../../../outputs/food_equal/compare_regen/real_data/trial/s3_fe1_maxT/aRACE_g//gen6_batch0.pkl
saved ../../../../outputs/food_equal/compare_regen/real_data/trial/s3_fe1_maxT/aRACE_g//gen7_batch0.pkl
saved ../../../../outputs/food_equal/compare_regen/real_data/trial/s3_fe1_maxT/aRACE_g//gen8_batch0.pkl
saved ../../../../outputs/food_equal/compare_regen/real_data/trial/s3_fe1_maxT/aRACE_g//gen9_batch0.pkl
saved ../../../../outputs/food_equal/compare_regen/real_data/trial/s3_fe1_maxT/aRACE_g//gen10_batch0.pkl
saved ../../../../outputs/food_equal/compare_regen/real_data/trial/s3_fe1_maxT/aRACE_g//gen11_batch0.pkl
saved ../../../../outputs/food_equal/compare_regen/real_data/trial/s3_fe1_maxT/aRACE_g//gen12_batch0.pkl
saved ../../../../outputs/food_equal/compare_regen/real_data/trial/s3_fe1_maxT/aRACE_g//gen13_batch0.pkl
saved ../../../../outputs/food_equal/compare_regen/real_data/trial/s3_fe1_maxT/aRACE_g//gen14_batch0.pkl
saved ../../../../outputs/food_equal/compare_regen/real_data/trial/s3_fe1_maxT/aRACE_g//gen15_batch0.pkl
saved ../../../../outputs/food_equal/compare_regen/real_data/trial/s3_fe1_maxT/aRACE_g//gen16_batch0.pkl
saved ../../../../outputs/food_equal/compare_regen/real_data/trial/s3_fe1_maxT/aRACE_g//gen17_batch0.pkl
saved ../../../../outputs/food_equal/compare_regen/real_data/trial/s3_fe1_maxT/aRACE_g//gen18_batch0.pkl
saved ../../../../outputs/food_equal/compare_regen/real_data/trial/s3_fe1_maxT/aRACE_g//gen19_batch0.pkl
saved ../../../../outputs/food_equal/compare_regen/real_data/trial/s3_fe1_maxT/aRACE_g//gen20_batch0.pkl
aRACE_g: skipped trials exceeding fixed maxT: 0
